
> medicamenta.me-front-app@1.0.0 build
> ionic build

> ng.cmd run app:build
node.exe : - Generating browser application bundles (phase: setup)...
No linha:1 caractere:1
+ & "C:\Program Files\nodejs/node.exe" "C:\Users\Gabriel\AppData\Roamin ...
+ ~~~~~~~~~~~~~~~~~~~~~~~~~~~~~~~~~~~~~~~~~~~~~~~~~~~~~~~~~~~~~~~~~~~~~
    + CategoryInfo          : NotSpecified: (- Generating br...hase: setup)...:String) [], RemoteException
    + FullyQualifiedErrorId : NativeCommandError
 
Γ£ö Browser application bundle generation complete.
Γ£ö Browser application bundle generation complete.

Warning: C:/Necxu/projects/medicamenta.me/applications/medicamenta.me-front-app/src/app/pages/tabs/dashboard/dashboard.component.css exceeded maximum 
budget. Budget 6.00 kB was not met by 1.16 kB with a total of 7.16 kB.

Warning: C:/Necxu/projects/medicamenta.me/applications/medicamenta.me-front-app/src/app/pages/tabs/medications/medications.component.css exceeded maximum 
budget. Budget 6.00 kB was not met by 6.18 kB with a total of 12.19 kB.

Warning: C:/Necxu/projects/medicamenta.me/applications/medicamenta.me-front-app/src/app/pages/tabs/profile/profile.component.ts-angular-inline--18.css 
exceeded maximum budget. Budget 6.00 kB was not met by 2.80 kB with a total of 8.80 kB.



Error: src/app/services/biometric.service.ts:70:73 - error TS2345: Argument of type 'unknown' is not assignable to parameter of type 'Error | undefined'.

70       this.logService.error('BiometricService', 'Initialization error', error);
                                                                           ~~~~~


Error: src/app/services/biometric.service.ts:136:65 - error TS2345: Argument of type 'unknown' is not assignable to parameter of type 'Error | undefined'.

136       this.logService.error('BiometricService', 'Enable error', error);
                                                                    ~~~~~


Error: src/app/services/biometric.service.ts:160:77 - error TS2345: Argument of type 'unknown' is not assignable to parameter of type 'Error | undefined'.

160       this.logService.error('BiometricService', 'Check availability error', error);
                                                                                ~~~~~


Error: src/app/services/family-gamification.service.ts:81:3 - error TS2304: Cannot find name 'id'.

81   id: 'family_perfect_week',
     ~~


Error: src/app/services/family-gamification.service.ts:81:5 - error TS1005: ',' expected.

81   id: 'family_perfect_week',
       ~


Error: src/app/services/family-gamification.service.ts:82:7 - error TS1005: ',' expected.

82   name: 'Fam├¡lia 100% Aderente',
         ~


Error: src/app/services/family-gamification.service.ts:83:3 - error TS2304: Cannot find name 'description'.

83   description: 'Toda a fam├¡lia com 100% de ader├¬ncia por 7 dias consecutivos',
     ~~~~~~~~~~~


Error: src/app/services/family-gamification.service.ts:83:14 - error TS1005: ',' expected.

83   description: 'Toda a fam├¡lia com 100% de ader├¬ncia por 7 dias consecutivos',
                ~


Error: src/app/services/family-gamification.service.ts:84:3 - error TS2304: Cannot find name 'icon'.

84   icon: '≡ƒÅå',
     ~~~~


Error: src/app/services/family-gamification.service.ts:84:7 - error TS1005: ',' expected.

84   icon: '≡ƒÅå',
         ~


Error: src/app/services/family-gamification.service.ts:85:3 - error TS2304: Cannot find name 'points'.

85   points: 500,
     ~~~~~~


Error: src/app/services/family-gamification.service.ts:85:9 - error TS1005: ',' expected.

85   points: 500,
           ~


Error: src/app/services/family-gamification.service.ts:86:3 - error TS2304: Cannot find name 'color'.

86   color: '#FFD700',
     ~~~~~


Error: src/app/services/family-gamification.service.ts:86:8 - error TS1005: ',' expected.

86   color: '#FFD700',
          ~


Error: src/app/services/family-gamification.service.ts:87:3 - error TS2304: Cannot find name 'rarity'.

87   rarity: 'rare'
     ~~~~~~


Error: src/app/services/family-gamification.service.ts:87:9 - error TS1005: ',' expected.

87   rarity: 'rare'
           ~


Error: src/app/services/family-gamification.service.ts:88:1 - error TS1005: ',' expected.

88 },
   ~


Error: src/app/services/family-gamification.service.ts:88:2 - error TS1128: Declaration or statement expected.

88 },
    ~


Error: src/app/services/family-gamification.service.ts:90:9 - error TS2695: Left side of comma operator is unused and has no side effects.

90     id: 'no_missed_month',
           ~~~~~~~~~~~~~~~~~


Error: src/app/services/family-gamification.service.ts:91:9 - error TS1005: ';' expected.

91     name: 'Sem Falhas',
           ~


Error: src/app/services/family-gamification.service.ts:91:11 - error TS2695: Left side of comma operator is unused and has no side effects.

91     name: 'Sem Falhas',
             ~~~~~~~~~~~~


Error: src/app/services/family-gamification.service.ts:92:5 - error TS2304: Cannot find name 'description'.

92     description: 'Nenhuma dose perdida por toda a fam├¡lia durante 30 dias',
       ~~~~~~~~~~~


Error: src/app/services/family-gamification.service.ts:92:16 - error TS1005: ';' expected.

92     description: 'Nenhuma dose perdida por toda a fam├¡lia durante 30 dias',
                  ~


Error: src/app/services/family-gamification.service.ts:92:18 - error TS2695: Left side of comma operator is unused and has no side effects.

92     description: 'Nenhuma dose perdida por toda a fam├¡lia durante 30 dias',
                    ~~~~~~~~~~~~~~~~~~~~~~~~~~~~~~~~~~~~~~~~~~~~~~~~~~~~~~~~~


Error: src/app/services/family-gamification.service.ts:93:5 - error TS2304: Cannot find name 'icon'.

93     icon: '≡ƒîƒ',
       ~~~~


Error: src/app/services/family-gamification.service.ts:93:9 - error TS1005: ';' expected.

93     icon: '≡ƒîƒ',
           ~


Error: src/app/services/family-gamification.service.ts:93:11 - error TS2695: Left side of comma operator is unused and has no side effects.

93     icon: '≡ƒîƒ',
             ~~~~


Error: src/app/services/family-gamification.service.ts:94:5 - error TS2304: Cannot find name 'points'.

94     points: 1000,
       ~~~~~~


Error: src/app/services/family-gamification.service.ts:94:11 - error TS1005: ';' expected.

94     points: 1000,
             ~


Error: src/app/services/family-gamification.service.ts:94:13 - error TS2695: Left side of comma operator is unused and has no side effects.

94     points: 1000,
               ~~~~


Error: src/app/services/family-gamification.service.ts:95:5 - error TS2304: Cannot find name 'color'.

95     color: '#4CAF50',
       ~~~~~


Error: src/app/services/family-gamification.service.ts:95:10 - error TS1005: ';' expected.

95     color: '#4CAF50',
            ~


Error: src/app/services/family-gamification.service.ts:95:12 - error TS2695: Left side of comma operator is unused and has no side effects.

95     color: '#4CAF50',
              ~~~~~~~~~


Error: src/app/services/family-gamification.service.ts:96:5 - error TS2304: Cannot find name 'rarity'.

96     rarity: 'epic'
       ~~~~~~


Error: src/app/services/family-gamification.service.ts:96:11 - error TS1005: ';' expected.

96     rarity: 'epic'
             ~


Error: src/app/services/family-gamification.service.ts:97:4 - error TS1128: Declaration or statement expected.

97   },
      ~


Error: src/app/services/family-gamification.service.ts:99:9 - error TS2695: Left side of comma operator is unused and has no side effects.

99     id: 'all_members_active',
           ~~~~~~~~~~~~~~~~~~~~


Error: src/app/services/family-gamification.service.ts:100:9 - error TS1005: ';' expected.

100     name: 'Todos Ativos',
            ~


Error: src/app/services/family-gamification.service.ts:100:11 - error TS2695: Left side of comma operator is unused and has no side effects.

100     name: 'Todos Ativos',
              ~~~~~~~~~~~~~~


Error: src/app/services/family-gamification.service.ts:101:5 - error TS2304: Cannot find name 'description'.

101     description: 'Todos os membros da fam├¡lia marcaram pelo menos uma dose hoje',
        ~~~~~~~~~~~


Error: src/app/services/family-gamification.service.ts:101:16 - error TS1005: ';' expected.

101     description: 'Todos os membros da fam├¡lia marcaram pelo menos uma dose hoje',
                   ~


Error: src/app/services/family-gamification.service.ts:101:18 - error TS2695: Left side of comma operator is unused and has no side effects.

101     description: 'Todos os membros da fam├¡lia marcaram pelo menos uma dose hoje',
                     ~~~~~~~~~~~~~~~~~~~~~~~~~~~~~~~~~~~~~~~~~~~~~~~~~~~~~~~~~~~~~~~


Error: src/app/services/family-gamification.service.ts:102:5 - error TS2304: Cannot find name 'icon'.

102     icon: '≡ƒæ¿ΓÇì≡ƒæ⌐ΓÇì≡ƒæºΓÇì≡ƒæª',
        ~~~~


Error: src/app/services/family-gamification.service.ts:102:9 - error TS1005: ';' expected.

102     icon: '≡ƒæ¿ΓÇì≡ƒæ⌐ΓÇì≡ƒæºΓÇì≡ƒæª',
            ~


Error: src/app/services/family-gamification.service.ts:102:11 - error TS2695: Left side of comma operator is unused and has no side effects.

102     icon: '≡ƒæ¿ΓÇì≡ƒæ⌐ΓÇì≡ƒæºΓÇì≡ƒæª',
              ~~~~~~~~~~~~~


Error: src/app/services/family-gamification.service.ts:103:5 - error TS2304: Cannot find name 'points'.

103     points: 200,
        ~~~~~~


Error: src/app/services/family-gamification.service.ts:103:11 - error TS1005: ';' expected.

103     points: 200,
              ~


Error: src/app/services/family-gamification.service.ts:103:13 - error TS2695: Left side of comma operator is unused and has no side effects.

103     points: 200,
                ~~~


Error: src/app/services/family-gamification.service.ts:104:5 - error TS2304: Cannot find name 'color'.

104     color: '#2196F3',
        ~~~~~


Error: src/app/services/family-gamification.service.ts:104:10 - error TS1005: ';' expected.

104     color: '#2196F3',
             ~


Error: src/app/services/family-gamification.service.ts:104:12 - error TS2695: Left side of comma operator is unused and has no side effects.

104     color: '#2196F3',
               ~~~~~~~~~


Error: src/app/services/family-gamification.service.ts:105:5 - error TS2304: Cannot find name 'rarity'.

105     rarity: 'common'
        ~~~~~~


Error: src/app/services/family-gamification.service.ts:105:11 - error TS1005: ';' expected.

105     rarity: 'common'
              ~


Error: src/app/services/family-gamification.service.ts:106:4 - error TS1128: Declaration or statement expected.

106   },
       ~


Error: src/app/services/family-gamification.service.ts:108:9 - error TS2695: Left side of comma operator is unused and has no side effects.

108     id: 'perfect_month',
            ~~~~~~~~~~~~~~~


Error: src/app/services/family-gamification.service.ts:109:9 - error TS1005: ';' expected.

109     name: 'M├¬s Perfeito',
            ~


Error: src/app/services/family-gamification.service.ts:109:11 - error TS2695: Left side of comma operator is unused and has no side effects.

109     name: 'M├¬s Perfeito',
              ~~~~~~~~~~~~~~


Error: src/app/services/family-gamification.service.ts:110:5 - error TS2304: Cannot find name 'description'.

110     description: '30 dias consecutivos com ader├¬ncia familiar acima de 95%',
        ~~~~~~~~~~~


Error: src/app/services/family-gamification.service.ts:110:16 - error TS1005: ';' expected.

110     description: '30 dias consecutivos com ader├¬ncia familiar acima de 95%',
                   ~


Error: src/app/services/family-gamification.service.ts:110:18 - error TS2695: Left side of comma operator is unused and has no side effects.

110     description: '30 dias consecutivos com ader├¬ncia familiar acima de 95%',
                     ~~~~~~~~~~~~~~~~~~~~~~~~~~~~~~~~~~~~~~~~~~~~~~~~~~~~~~~~~~


Error: src/app/services/family-gamification.service.ts:111:5 - error TS2304: Cannot find name 'icon'.

111     icon: '≡ƒÆÄ',
        ~~~~


Error: src/app/services/family-gamification.service.ts:111:9 - error TS1005: ';' expected.

111     icon: '≡ƒÆÄ',
            ~


Error: src/app/services/family-gamification.service.ts:111:11 - error TS2695: Left side of comma operator is unused and has no side effects.

111     icon: '≡ƒÆÄ',
              ~~~~


Error: src/app/services/family-gamification.service.ts:112:5 - error TS2304: Cannot find name 'points'.

112     points: 1500,
        ~~~~~~


Error: src/app/services/family-gamification.service.ts:112:11 - error TS1005: ';' expected.

112     points: 1500,
              ~


Error: src/app/services/family-gamification.service.ts:112:13 - error TS2695: Left side of comma operator is unused and has no side effects.

112     points: 1500,
                ~~~~


Error: src/app/services/family-gamification.service.ts:113:5 - error TS2304: Cannot find name 'color'.

113     color: '#9C27B0',
        ~~~~~


Error: src/app/services/family-gamification.service.ts:113:10 - error TS1005: ';' expected.

113     color: '#9C27B0',
             ~


Error: src/app/services/family-gamification.service.ts:113:12 - error TS2695: Left side of comma operator is unused and has no side effects.

113     color: '#9C27B0',
               ~~~~~~~~~


Error: src/app/services/family-gamification.service.ts:114:5 - error TS2304: Cannot find name 'rarity'.

114     rarity: 'epic'
        ~~~~~~


Error: src/app/services/family-gamification.service.ts:114:11 - error TS1005: ';' expected.

114     rarity: 'epic'
              ~


Error: src/app/services/family-gamification.service.ts:115:4 - error TS1128: Declaration or statement expected.

115   },
       ~


Error: src/app/services/family-gamification.service.ts:117:9 - error TS2695: Left side of comma operator is unused and has no side effects.

117     id: 'early_bird_family',
            ~~~~~~~~~~~~~~~~~~~


Error: src/app/services/family-gamification.service.ts:118:9 - error TS1005: ';' expected.

118     name: 'Fam├¡lia Matutina',
            ~


Error: src/app/services/family-gamification.service.ts:118:11 - error TS2695: Left side of comma operator is unused and has no side effects.

118     name: 'Fam├¡lia Matutina',
              ~~~~~~~~~~~~~~~~~~


Error: src/app/services/family-gamification.service.ts:119:5 - error TS2304: Cannot find name 'description'.

119     description: 'Todas as doses matinais tomadas no hor├írio por 7 dias',
        ~~~~~~~~~~~


Error: src/app/services/family-gamification.service.ts:119:16 - error TS1005: ';' expected.

119     description: 'Todas as doses matinais tomadas no hor├írio por 7 dias',
                   ~


Error: src/app/services/family-gamification.service.ts:119:18 - error TS2695: Left side of comma operator is unused and has no side effects.

119     description: 'Todas as doses matinais tomadas no hor├írio por 7 dias',
                     ~~~~~~~~~~~~~~~~~~~~~~~~~~~~~~~~~~~~~~~~~~~~~~~~~~~~~~~


Error: src/app/services/family-gamification.service.ts:120:5 - error TS2304: Cannot find name 'icon'.

120     icon: '≡ƒîà',
        ~~~~


Error: src/app/services/family-gamification.service.ts:120:9 - error TS1005: ';' expected.

120     icon: '≡ƒîà',
            ~


Error: src/app/services/family-gamification.service.ts:120:11 - error TS2695: Left side of comma operator is unused and has no side effects.

120     icon: '≡ƒîà',
              ~~~~


Error: src/app/services/family-gamification.service.ts:121:5 - error TS2304: Cannot find name 'points'.

121     points: 300,
        ~~~~~~


Error: src/app/services/family-gamification.service.ts:121:11 - error TS1005: ';' expected.

121     points: 300,
              ~


Error: src/app/services/family-gamification.service.ts:121:13 - error TS2695: Left side of comma operator is unused and has no side effects.

121     points: 300,
                ~~~


Error: src/app/services/family-gamification.service.ts:122:5 - error TS2304: Cannot find name 'color'.

122     color: '#FF9800',
        ~~~~~


Error: src/app/services/family-gamification.service.ts:122:10 - error TS1005: ';' expected.

122     color: '#FF9800',
             ~


Error: src/app/services/family-gamification.service.ts:122:12 - error TS2695: Left side of comma operator is unused and has no side effects.

122     color: '#FF9800',
               ~~~~~~~~~


Error: src/app/services/family-gamification.service.ts:123:5 - error TS2304: Cannot find name 'rarity'.

123     rarity: 'common'
        ~~~~~~


Error: src/app/services/family-gamification.service.ts:123:11 - error TS1005: ';' expected.

123     rarity: 'common'
              ~


Error: src/app/services/family-gamification.service.ts:124:4 - error TS1128: Declaration or statement expected.

124   },
       ~


Error: src/app/services/family-gamification.service.ts:126:9 - error TS2695: Left side of comma operator is unused and has no side effects.

126     id: 'night_owl_family',
            ~~~~~~~~~~~~~~~~~~


Error: src/app/services/family-gamification.service.ts:127:9 - error TS1005: ';' expected.

127     name: 'Fam├¡lia Noturna',
            ~


Error: src/app/services/family-gamification.service.ts:127:11 - error TS2695: Left side of comma operator is unused and has no side effects.

127     name: 'Fam├¡lia Noturna',
              ~~~~~~~~~~~~~~~~~


Error: src/app/services/family-gamification.service.ts:128:5 - error TS2304: Cannot find name 'description'.

128     description: 'Todas as doses noturnas tomadas no hor├írio por 7 dias',
        ~~~~~~~~~~~


Error: src/app/services/family-gamification.service.ts:128:16 - error TS1005: ';' expected.

128     description: 'Todas as doses noturnas tomadas no hor├írio por 7 dias',
                   ~


Error: src/app/services/family-gamification.service.ts:128:18 - error TS2695: Left side of comma operator is unused and has no side effects.

128     description: 'Todas as doses noturnas tomadas no hor├írio por 7 dias',
                     ~~~~~~~~~~~~~~~~~~~~~~~~~~~~~~~~~~~~~~~~~~~~~~~~~~~~~~~


Error: src/app/services/family-gamification.service.ts:129:5 - error TS2304: Cannot find name 'icon'.

129     icon: '≡ƒîÖ',
        ~~~~


Error: src/app/services/family-gamification.service.ts:129:9 - error TS1005: ';' expected.

129     icon: '≡ƒîÖ',
            ~


Error: src/app/services/family-gamification.service.ts:129:11 - error TS2695: Left side of comma operator is unused and has no side effects.

129     icon: '≡ƒîÖ',
              ~~~~


Error: src/app/services/family-gamification.service.ts:130:5 - error TS2304: Cannot find name 'points'.

130     points: 300,
        ~~~~~~


Error: src/app/services/family-gamification.service.ts:130:11 - error TS1005: ';' expected.

130     points: 300,
              ~


Error: src/app/services/family-gamification.service.ts:130:13 - error TS2695: Left side of comma operator is unused and has no side effects.

130     points: 300,
                ~~~


Error: src/app/services/family-gamification.service.ts:131:5 - error TS2304: Cannot find name 'color'.

131     color: '#3F51B5',
        ~~~~~


Error: src/app/services/family-gamification.service.ts:131:10 - error TS1005: ';' expected.

131     color: '#3F51B5',
             ~


Error: src/app/services/family-gamification.service.ts:131:12 - error TS2695: Left side of comma operator is unused and has no side effects.

131     color: '#3F51B5',
               ~~~~~~~~~


Error: src/app/services/family-gamification.service.ts:132:5 - error TS2304: Cannot find name 'rarity'.

132     rarity: 'common'
        ~~~~~~


Error: src/app/services/family-gamification.service.ts:132:11 - error TS1005: ';' expected.

132     rarity: 'common'
              ~


Error: src/app/services/family-gamification.service.ts:133:4 - error TS1128: Declaration or statement expected.

133   },
       ~


Error: src/app/services/family-gamification.service.ts:135:9 - error TS2695: Left side of comma operator is unused and has no side effects.

135     id: 'teamwork_champion',
            ~~~~~~~~~~~~~~~~~~~


Error: src/app/services/family-gamification.service.ts:136:9 - error TS1005: ';' expected.

136     name: 'Campe├╡es do Trabalho em Equipe',
            ~


Error: src/app/services/family-gamification.service.ts:136:11 - error TS2695: Left side of comma operator is unused and has no side effects.

136     name: 'Campe├╡es do Trabalho em Equipe',
              ~~~~~~~~~~~~~~~~~~~~~~~~~~~~~~~~


Error: src/app/services/family-gamification.service.ts:137:5 - error TS2304: Cannot find name 'description'.

137     description: '100 doses marcadas corretamente pela fam├¡lia',
        ~~~~~~~~~~~


Error: src/app/services/family-gamification.service.ts:137:16 - error TS1005: ';' expected.

137     description: '100 doses marcadas corretamente pela fam├¡lia',
                   ~


Error: src/app/services/family-gamification.service.ts:137:18 - error TS2695: Left side of comma operator is unused and has no side effects.

137     description: '100 doses marcadas corretamente pela fam├¡lia',
                     ~~~~~~~~~~~~~~~~~~~~~~~~~~~~~~~~~~~~~~~~~~~~~~


Error: src/app/services/family-gamification.service.ts:138:5 - error TS2304: Cannot find name 'icon'.

138     icon: '≡ƒñ¥',
        ~~~~


Error: src/app/services/family-gamification.service.ts:138:9 - error TS1005: ';' expected.

138     icon: '≡ƒñ¥',
            ~


Error: src/app/services/family-gamification.service.ts:138:11 - error TS2695: Left side of comma operator is unused and has no side effects.

138     icon: '≡ƒñ¥',
              ~~~~


Error: src/app/services/family-gamification.service.ts:139:5 - error TS2304: Cannot find name 'points'.

139     points: 400,
        ~~~~~~


Error: src/app/services/family-gamification.service.ts:139:11 - error TS1005: ';' expected.

139     points: 400,
              ~


Error: src/app/services/family-gamification.service.ts:139:13 - error TS2695: Left side of comma operator is unused and has no side effects.

139     points: 400,
                ~~~


Error: src/app/services/family-gamification.service.ts:140:5 - error TS2304: Cannot find name 'color'.

140     color: '#00BCD4',
        ~~~~~


Error: src/app/services/family-gamification.service.ts:140:10 - error TS1005: ';' expected.

140     color: '#00BCD4',
             ~


Error: src/app/services/family-gamification.service.ts:140:12 - error TS2695: Left side of comma operator is unused and has no side effects.

140     color: '#00BCD4',
               ~~~~~~~~~


Error: src/app/services/family-gamification.service.ts:141:5 - error TS2304: Cannot find name 'rarity'.

141     rarity: 'rare'
        ~~~~~~


Error: src/app/services/family-gamification.service.ts:141:11 - error TS1005: ';' expected.

141     rarity: 'rare'
              ~


Error: src/app/services/family-gamification.service.ts:142:4 - error TS1128: Declaration or statement expected.

142   },
       ~


Error: src/app/services/family-gamification.service.ts:144:9 - error TS2695: Left side of comma operator is unused and has no side effects.

144     id: 'consistency_king',
            ~~~~~~~~~~~~~~~~~~


Error: src/app/services/family-gamification.service.ts:145:9 - error TS1005: ';' expected.

145     name: 'Rei da Consist├¬ncia',
            ~


Error: src/app/services/family-gamification.service.ts:145:11 - error TS2695: Left side of comma operator is unused and has no side effects.

145     name: 'Rei da Consist├¬ncia',
              ~~~~~~~~~~~~~~~~~~~~~


Error: src/app/services/family-gamification.service.ts:146:5 - error TS2304: Cannot find name 'description'.

146     description: '90 dias consecutivos com ader├¬ncia familiar acima de 80%',
        ~~~~~~~~~~~


Error: src/app/services/family-gamification.service.ts:146:16 - error TS1005: ';' expected.

146     description: '90 dias consecutivos com ader├¬ncia familiar acima de 80%',
                   ~


Error: src/app/services/family-gamification.service.ts:146:18 - error TS2695: Left side of comma operator is unused and has no side effects.

146     description: '90 dias consecutivos com ader├¬ncia familiar acima de 80%',
                     ~~~~~~~~~~~~~~~~~~~~~~~~~~~~~~~~~~~~~~~~~~~~~~~~~~~~~~~~~~


Error: src/app/services/family-gamification.service.ts:147:5 - error TS2304: Cannot find name 'icon'.

147     icon: '≡ƒææ',
        ~~~~


Error: src/app/services/family-gamification.service.ts:147:9 - error TS1005: ';' expected.

147     icon: '≡ƒææ',
            ~


Error: src/app/services/family-gamification.service.ts:147:11 - error TS2695: Left side of comma operator is unused and has no side effects.

147     icon: '≡ƒææ',
              ~~~~


Error: src/app/services/family-gamification.service.ts:148:5 - error TS2304: Cannot find name 'points'.

148     points: 2000,
        ~~~~~~


Error: src/app/services/family-gamification.service.ts:148:11 - error TS1005: ';' expected.

148     points: 2000,
              ~


Error: src/app/services/family-gamification.service.ts:148:13 - error TS2695: Left side of comma operator is unused and has no side effects.

148     points: 2000,
                ~~~~


Error: src/app/services/family-gamification.service.ts:149:5 - error TS2304: Cannot find name 'color'.

149     color: '#FFD700',
        ~~~~~


Error: src/app/services/family-gamification.service.ts:149:10 - error TS1005: ';' expected.

149     color: '#FFD700',
             ~


Error: src/app/services/family-gamification.service.ts:149:12 - error TS2695: Left side of comma operator is unused and has no side effects.

149     color: '#FFD700',
               ~~~~~~~~~


Error: src/app/services/family-gamification.service.ts:150:5 - error TS2304: Cannot find name 'rarity'.

150     rarity: 'legendary'
        ~~~~~~


Error: src/app/services/family-gamification.service.ts:150:11 - error TS1005: ';' expected.

150     rarity: 'legendary'
              ~


Error: src/app/services/family-gamification.service.ts:151:4 - error TS1128: Declaration or statement expected.

151   },
       ~


Error: src/app/services/family-gamification.service.ts:153:9 - error TS2695: Left side of comma operator is unused and has no side effects.

153     id: 'perfect_quarter',
            ~~~~~~~~~~~~~~~~~


Error: src/app/services/family-gamification.service.ts:154:9 - error TS1005: ';' expected.

154     name: 'Trimestre Perfeito',
            ~


Error: src/app/services/family-gamification.service.ts:154:11 - error TS2695: Left side of comma operator is unused and has no side effects.

154     name: 'Trimestre Perfeito',
              ~~~~~~~~~~~~~~~~~~~~


Error: src/app/services/family-gamification.service.ts:155:5 - error TS2304: Cannot find name 'description'.

155     description: '3 meses seguidos com ader├¬ncia familiar acima de 95%',
        ~~~~~~~~~~~


Error: src/app/services/family-gamification.service.ts:155:16 - error TS1005: ';' expected.

155     description: '3 meses seguidos com ader├¬ncia familiar acima de 95%',
                   ~


Error: src/app/services/family-gamification.service.ts:155:18 - error TS2695: Left side of comma operator is unused and has no side effects.

155     description: '3 meses seguidos com ader├¬ncia familiar acima de 95%',
                     ~~~~~~~~~~~~~~~~~~~~~~~~~~~~~~~~~~~~~~~~~~~~~~~~~~~~~~


Error: src/app/services/family-gamification.service.ts:156:5 - error TS2304: Cannot find name 'icon'.

156     icon: '≡ƒöÑ',
        ~~~~


Error: src/app/services/family-gamification.service.ts:156:9 - error TS1005: ';' expected.

156     icon: '≡ƒöÑ',
            ~


Error: src/app/services/family-gamification.service.ts:156:11 - error TS2695: Left side of comma operator is unused and has no side effects.

156     icon: '≡ƒöÑ',
              ~~~~


Error: src/app/services/family-gamification.service.ts:157:5 - error TS2304: Cannot find name 'points'.

157     points: 3000,
        ~~~~~~


Error: src/app/services/family-gamification.service.ts:157:11 - error TS1005: ';' expected.

157     points: 3000,
              ~


Error: src/app/services/family-gamification.service.ts:157:13 - error TS2695: Left side of comma operator is unused and has no side effects.

157     points: 3000,
                ~~~~


Error: src/app/services/family-gamification.service.ts:158:5 - error TS2304: Cannot find name 'color'.

158     color: '#FF5722',
        ~~~~~


Error: src/app/services/family-gamification.service.ts:158:10 - error TS1005: ';' expected.

158     color: '#FF5722',
             ~


Error: src/app/services/family-gamification.service.ts:158:12 - error TS2695: Left side of comma operator is unused and has no side effects.

158     color: '#FF5722',
               ~~~~~~~~~


Error: src/app/services/family-gamification.service.ts:159:5 - error TS2304: Cannot find name 'rarity'.

159     rarity: 'legendary'
        ~~~~~~


Error: src/app/services/family-gamification.service.ts:159:11 - error TS1005: ';' expected.

159     rarity: 'legendary'
              ~


Error: src/app/services/family-gamification.service.ts:160:4 - error TS1128: Declaration or statement expected.

160   },
       ~


Error: src/app/services/family-gamification.service.ts:162:9 - error TS2695: Left side of comma operator is unused and has no side effects.

162     id: 'family_veteran',
            ~~~~~~~~~~~~~~~~


Error: src/app/services/family-gamification.service.ts:163:9 - error TS1005: ';' expected.

163     name: 'Veterano Familiar',
            ~


Error: src/app/services/family-gamification.service.ts:163:11 - error TS2695: Left side of comma operator is unused and has no side effects.

163     name: 'Veterano Familiar',
              ~~~~~~~~~~~~~~~~~~~


Error: src/app/services/family-gamification.service.ts:164:5 - error TS2304: Cannot find name 'description'.

164     description: '6 meses usando o app em fam├¡lia',
        ~~~~~~~~~~~


Error: src/app/services/family-gamification.service.ts:164:16 - error TS1005: ';' expected.

164     description: '6 meses usando o app em fam├¡lia',
                   ~


Error: src/app/services/family-gamification.service.ts:164:18 - error TS2695: Left side of comma operator is unused and has no side effects.

164     description: '6 meses usando o app em fam├¡lia',
                     ~~~~~~~~~~~~~~~~~~~~~~~~~~~~~~~~~


Error: src/app/services/family-gamification.service.ts:165:5 - error TS2304: Cannot find name 'icon'.

165     icon: '≡ƒÄû∩╕Å',
        ~~~~


Error: src/app/services/family-gamification.service.ts:165:9 - error TS1005: ';' expected.

165     icon: '≡ƒÄû∩╕Å',
            ~


Error: src/app/services/family-gamification.service.ts:165:11 - error TS2695: Left side of comma operator is unused and has no side effects.

165     icon: '≡ƒÄû∩╕Å',
              ~~~~~


Error: src/app/services/family-gamification.service.ts:166:5 - error TS2304: Cannot find name 'points'.

166     points: 1000,
        ~~~~~~


Error: src/app/services/family-gamification.service.ts:166:11 - error TS1005: ';' expected.

166     points: 1000,
              ~


Error: src/app/services/family-gamification.service.ts:166:13 - error TS2695: Left side of comma operator is unused and has no side effects.

166     points: 1000,
                ~~~~


Error: src/app/services/family-gamification.service.ts:167:5 - error TS2304: Cannot find name 'color'.

167     color: '#795548',
        ~~~~~


Error: src/app/services/family-gamification.service.ts:167:10 - error TS1005: ';' expected.

167     color: '#795548',
             ~


Error: src/app/services/family-gamification.service.ts:167:12 - error TS2695: Left side of comma operator is unused and has no side effects.

167     color: '#795548',
               ~~~~~~~~~


Error: src/app/services/family-gamification.service.ts:168:5 - error TS2304: Cannot find name 'rarity'.

168     rarity: 'epic'
        ~~~~~~


Error: src/app/services/family-gamification.service.ts:168:11 - error TS1005: ';' expected.

168     rarity: 'epic'
              ~


Error: src/app/services/family-gamification.service.ts:169:4 - error TS1128: Declaration or statement expected.

169   },
       ~


Error: src/app/services/family-gamification.service.ts:171:9 - error TS2695: Left side of comma operator is unused and has no side effects.

171     id: 'gold_standard',
            ~~~~~~~~~~~~~~~


Error: src/app/services/family-gamification.service.ts:172:9 - error TS1005: ';' expected.

172     name: 'Padr├úo Ouro',
            ~


Error: src/app/services/family-gamification.service.ts:172:11 - error TS2695: Left side of comma operator is unused and has no side effects.

172     name: 'Padr├úo Ouro',
              ~~~~~~~~~~~~~


Error: src/app/services/family-gamification.service.ts:173:5 - error TS2304: Cannot find name 'description'.

173     description: '1 ano de ader├¬ncia familiar acima de 90%',
        ~~~~~~~~~~~


Error: src/app/services/family-gamification.service.ts:173:16 - error TS1005: ';' expected.

173     description: '1 ano de ader├¬ncia familiar acima de 90%',
                   ~


Error: src/app/services/family-gamification.service.ts:173:18 - error TS2695: Left side of comma operator is unused and has no side effects.

173     description: '1 ano de ader├¬ncia familiar acima de 90%',
                     ~~~~~~~~~~~~~~~~~~~~~~~~~~~~~~~~~~~~~~~~~~


Error: src/app/services/family-gamification.service.ts:174:5 - error TS2304: Cannot find name 'icon'.

174     icon: '≡ƒÑç',
        ~~~~


Error: src/app/services/family-gamification.service.ts:174:9 - error TS1005: ';' expected.

174     icon: '≡ƒÑç',
            ~


Error: src/app/services/family-gamification.service.ts:174:11 - error TS2695: Left side of comma operator is unused and has no side effects.

174     icon: '≡ƒÑç',
              ~~~~


Error: src/app/services/family-gamification.service.ts:175:5 - error TS2304: Cannot find name 'points'.

175     points: 5000,
        ~~~~~~


Error: src/app/services/family-gamification.service.ts:175:11 - error TS1005: ';' expected.

175     points: 5000,
              ~


Error: src/app/services/family-gamification.service.ts:175:13 - error TS2695: Left side of comma operator is unused and has no side effects.

175     points: 5000,
                ~~~~


Error: src/app/services/family-gamification.service.ts:176:5 - error TS2304: Cannot find name 'color'.

176     color: '#FFD700',
        ~~~~~


Error: src/app/services/family-gamification.service.ts:176:10 - error TS1005: ';' expected.

176     color: '#FFD700',
             ~


Error: src/app/services/family-gamification.service.ts:176:12 - error TS2695: Left side of comma operator is unused and has no side effects.

176     color: '#FFD700',
               ~~~~~~~~~


Error: src/app/services/family-gamification.service.ts:177:5 - error TS2304: Cannot find name 'rarity'.

177     rarity: 'legendary'
        ~~~~~~


Error: src/app/services/family-gamification.service.ts:177:11 - error TS1005: ';' expected.

177     rarity: 'legendary'
              ~


Error: src/app/services/family-gamification.service.ts:178:4 - error TS1128: Declaration or statement expected.

178   },
       ~


Error: src/app/services/family-gamification.service.ts:180:9 - error TS2695: Left side of comma operator is unused and has no side effects.

180     id: 'family_unity',
            ~~~~~~~~~~~~~~


Error: src/app/services/family-gamification.service.ts:181:9 - error TS1005: ';' expected.

181     name: 'Unidade Familiar',
            ~


Error: src/app/services/family-gamification.service.ts:181:11 - error TS2695: Left side of comma operator is unused and has no side effects.

181     name: 'Unidade Familiar',
              ~~~~~~~~~~~~~~~~~~


Error: src/app/services/family-gamification.service.ts:182:5 - error TS2304: Cannot find name 'description'.

182     description: 'Todos os membros t├¬m pelo menos uma conquista individual',
        ~~~~~~~~~~~


Error: src/app/services/family-gamification.service.ts:182:16 - error TS1005: ';' expected.

182     description: 'Todos os membros t├¬m pelo menos uma conquista individual',
                   ~


Error: src/app/services/family-gamification.service.ts:182:18 - error TS2695: Left side of comma operator is unused and has no side effects.

182     description: 'Todos os membros t├¬m pelo menos uma conquista individual',
                     ~~~~~~~~~~~~~~~~~~~~~~~~~~~~~~~~~~~~~~~~~~~~~~~~~~~~~~~~~~


Error: src/app/services/family-gamification.service.ts:183:5 - error TS2304: Cannot find name 'icon'.

183     icon: '≡ƒÆ¬',
        ~~~~


Error: src/app/services/family-gamification.service.ts:183:9 - error TS1005: ';' expected.

183     icon: '≡ƒÆ¬',
            ~


Error: src/app/services/family-gamification.service.ts:183:11 - error TS2695: Left side of comma operator is unused and has no side effects.

183     icon: '≡ƒÆ¬',
              ~~~~


Error: src/app/services/family-gamification.service.ts:184:5 - error TS2304: Cannot find name 'points'.

184     points: 800,
        ~~~~~~


Error: src/app/services/family-gamification.service.ts:184:11 - error TS1005: ';' expected.

184     points: 800,
              ~


Error: src/app/services/family-gamification.service.ts:184:13 - error TS2695: Left side of comma operator is unused and has no side effects.

184     points: 800,
                ~~~


Error: src/app/services/family-gamification.service.ts:185:5 - error TS2304: Cannot find name 'color'.

185     color: '#E91E63',
        ~~~~~


Error: src/app/services/family-gamification.service.ts:185:10 - error TS1005: ';' expected.

185     color: '#E91E63',
             ~


Error: src/app/services/family-gamification.service.ts:185:12 - error TS2695: Left side of comma operator is unused and has no side effects.

185     color: '#E91E63',
               ~~~~~~~~~


Error: src/app/services/family-gamification.service.ts:186:5 - error TS2304: Cannot find name 'rarity'.

186     rarity: 'rare'
        ~~~~~~


Error: src/app/services/family-gamification.service.ts:186:11 - error TS1005: ';' expected.

186     rarity: 'rare'
              ~


Error: src/app/services/family-gamification.service.ts:188:1 - error TS1128: Declaration or statement expected.

188 ];
    ~


Error: src/app/services/family-notification.service.ts:78:96 - error TS2345: Argument of type 'unknown' is not assignable to parameter of type 'Error | 
undefined'.

78       this.logService.error('FamilyNotificationService', 'Erro ao criar canal de notifica├º├úo', error);
                                                                                                  ~~~~~


Error: src/app/services/family-notification.service.ts:90:90 - error TS2345: Argument of type 'unknown' is not assignable to parameter of type 'Error | 
undefined'.

90       this.logService.error('FamilyNotificationService', 'Erro ao solicitar permiss├╡es', error);
                                                                                            ~~~~~


Error: src/app/services/family-notification.service.ts:103:90 - error TS2345: Argument of type 'unknown' is not assignable to parameter of type 'Error | 
undefined'.

103       this.logService.error('FamilyNotificationService', 'Erro ao verificar permiss├╡es', error);
                                                                                             ~~~~~


Error: src/app/services/family-notification.service.ts:127:88 - error TS2345: Argument of type 'unknown' is not assignable to parameter of type 'Error | 
undefined'.

127       this.logService.error('FamilyNotificationService', 'Erro ao obter prefer├¬ncias', error);
                                                                                           ~~~~~


Error: src/app/services/family-notification.service.ts:150:89 - error TS2345: Argument of type 'unknown' is not assignable to parameter of type 'Error | 
undefined'.

150       this.logService.error('FamilyNotificationService', 'Erro ao salvar prefer├¬ncias', error);
                                                                                            ~~~~~


Error: src/app/services/family-notification.service.ts:310:89 - error TS2345: Argument of type 'unknown' is not assignable to parameter of type 'Error | 
undefined'.

310       this.logService.error('FamilyNotificationService', 'Erro ao agendar notifica├º├úo', error);
                                                                                            ~~~~~


Error: src/app/services/family-notification.service.ts:361:90 - error TS2345: Argument of type 'unknown' is not assignable to parameter of type 'Error | 
undefined'.

361       this.logService.error('FamilyNotificationService', 'Erro ao agendar notifica├º├╡es', error);
                                                                                             ~~~~~


Error: src/app/services/family-notification.service.ts:383:91 - error TS2345: Argument of type 'unknown' is not assignable to parameter of type 'Error | 
undefined'.

383       this.logService.error('FamilyNotificationService', 'Erro ao cancelar notifica├º├╡es', error);
                                                                                              ~~~~~


Error: src/app/services/family-notification.service.ts:448:88 - error TS2345: Argument of type 'unknown' is not assignable to parameter of type 'Error | 
undefined'.

448       this.logService.error('FamilyNotificationService', 'Erro ao obter estat├¡sticas', error);
                                                                                           ~~~~~


Error: src/app/services/health-sync.service.ts:331:68 - error TS2345: Argument of type 'boolean' is not assignable to parameter of type 'Record<string, 
any>'.

331       this.logService.debug('HealthSyncService', 'Sync completed', success);
                                                                       ~~~~~~~


Error: src/app/services/medication-v2.service.ts:20:10 - error TS2300: Duplicate identifier 'LogService'.

20 import { LogService } from './log.service';
            ~~~~~~~~~~


Error: src/app/services/medication-v2.service.ts:45:10 - error TS2300: Duplicate identifier 'LogService'.

45 import { LogService } from './log.service';
            ~~~~~~~~~~


Error: src/app/services/medication-v2.service.ts:153:77 - error TS2345: Argument of type 'string | undefined' is not assignable to parameter of type 
'Error | undefined'.
  Type 'string' is not assignable to type 'Error'.

153       this.logService.error('MedicationServiceV2', 'Add medication failed', result.error);
                                                                                ~~~~~~~~~~~~


Error: src/app/services/medication-v2.service.ts:214:80 - error TS2345: Argument of type 'string | undefined' is not assignable to parameter of type 
'Error | undefined'.
  Type 'string' is not assignable to type 'Error'.

214       this.logService.error('MedicationServiceV2', 'Update medication failed', result.error);
                                                                                   ~~~~~~~~~~~~


Error: src/app/services/medication-v2.service.ts:264:80 - error TS2345: Argument of type 'string | undefined' is not assignable to parameter of type 
'Error | undefined'.
  Type 'string' is not assignable to type 'Error'.

264       this.logService.error('MedicationServiceV2', 'Delete medication failed', result.error);
                                                                                   ~~~~~~~~~~~~


Error: src/app/services/medication-v2.service.ts:338:74 - error TS2345: Argument of type 'string | undefined' is not assignable to parameter of type 
'Error | undefined'.
  Type 'string' is not assignable to type 'Error'.

338       this.logService.error('MedicationServiceV2', 'Record dose failed', result.error);
                                                                             ~~~~~~~~~~~~


Error: src/app/services/offline-analytics.service.ts:203:86 - error TS2345: Argument of type 'unknown' is not assignable to parameter of type 'Error | 
undefined'.

203       this.logService.error('OfflineAnalyticsService', 'Failed to record operation', error);
                                                                                         ~~~~~


Error: src/app/services/offline-analytics.service.ts:247:81 - error TS2345: Argument of type 'unknown' is not assignable to parameter of type 'Error | 
undefined'.

247       this.logService.error('OfflineAnalyticsService', 'Failed to record sync', error);
                                                                                    ~~~~~


Error: src/app/services/offline-analytics.service.ts:258:82 - error TS2345: Argument of type 'unknown' is not assignable to parameter of type 'Error | 
undefined'.

258       this.logService.error('OfflineAnalyticsService', 'Failed to save session', error);
                                                                                     ~~~~~


Error: src/app/services/offline-analytics.service.ts:325:84 - error TS2345: Argument of type 'unknown' is not assignable to parameter of type 'Error | 
undefined'.

325       this.logService.error('OfflineAnalyticsService', 'Failed to update summary', error);
                                                                                       ~~~~~


Error: src/app/services/offline-analytics.service.ts:340:82 - error TS2345: Argument of type 'unknown' is not assignable to parameter of type 'Error | 
undefined'.

340       this.logService.error('OfflineAnalyticsService', 'Failed to load summary', error);
                                                                                     ~~~~~


Error: src/app/services/offline-analytics.service.ts:351:82 - error TS2345: Argument of type 'unknown' is not assignable to parameter of type 'Error | 
undefined'.

351       this.logService.error('OfflineAnalyticsService', 'Failed to save summary', error);
                                                                                     ~~~~~


Error: src/app/services/offline-analytics.service.ts:399:73 - error TS2345: Argument of type 'unknown' is not assignable to parameter of type 'Error | 
undefined'.

399       this.logService.error('OfflineAnalyticsService', 'Upload failed', error);
                                                                            ~~~~~


Error: src/app/services/pagseguro-payment.service.ts:122:87 - error TS2345: Argument of type 'unknown' is not assignable to parameter of type 'Error | 
undefined'.

122       this.logService.error('PagSeguroPaymentService', 'Error creating subscription', error);
                                                                                          ~~~~~


Error: src/app/services/pagseguro-payment.service.ts:174:93 - error TS2345: Argument of type 'unknown' is not assignable to parameter of type 'Error | 
undefined'.

174       this.logService.error('PagSeguroPaymentService', 'Error getting subscription status', error);
                                                                                                ~~~~~


Error: src/app/services/pagseguro-payment.service.ts:194:88 - error TS2345: Argument of type 'unknown' is not assignable to parameter of type 'Error | 
undefined'.

194       this.logService.error('PagSeguroPaymentService', 'Error canceling subscription', error);
                                                                                           ~~~~~


Error: src/app/services/pagseguro-payment.service.ts:214:89 - error TS2345: Argument of type 'unknown' is not assignable to parameter of type 'Error | 
undefined'.

214       this.logService.error('PagSeguroPaymentService', 'Error suspending subscription', error);
                                                                                            ~~~~~


Error: src/app/services/pagseguro-payment.service.ts:234:91 - error TS2345: Argument of type 'unknown' is not assignable to parameter of type 'Error | 
undefined'.

234       this.logService.error('PagSeguroPaymentService', 'Error reactivating subscription', error);
                                                                                              ~~~~~


Error: src/app/services/pagseguro-payment.service.ts:255:93 - error TS2345: Argument of type 'unknown' is not assignable to parameter of type 'Error | 
undefined'.

255       this.logService.error('PagSeguroPaymentService', 'Error getting transaction history', error);
                                                                                                ~~~~~


Error: src/app/services/pagseguro-payment.service.ts:294:79 - error TS2345: Argument of type 'unknown' is not assignable to parameter of type 'Error | 
undefined'.

294       this.logService.error('PagSeguroPaymentService', 'Error changing plan', error);
                                                                                  ~~~~~


Error: src/app/services/pagseguro-payment.service.ts:340:85 - error TS2345: Argument of type 'unknown' is not assignable to parameter of type 'Error | 
undefined'.

340       this.logService.error('PagSeguroPaymentService', 'Error getting boleto link', error);
                                                                                        ~~~~~


Error: src/app/services/pagseguro-payment.service.ts:358:90 - error TS2345: Argument of type 'unknown' is not assignable to parameter of type 'Error | 
undefined'.

358       this.logService.error('PagSeguroPaymentService', 'Error checking overdue payment', error);
                                                                                             ~~~~~


Error: src/app/services/prefetch.service.ts:129:58 - error TS2345: Argument of type 'unknown' is not assignable to parameter of type 'Error | undefined'.

129       this.logService.error('PrefetchService', 'Failed', error);
                                                             ~~~~~


Error: src/app/services/prefetch.service.ts:288:81 - error TS2345: Argument of type 'unknown' is not assignable to parameter of type 'Error | undefined'.

288       this.logService.error('PrefetchService', 'Failed to load usage patterns', error);
                                                                                    ~~~~~


Error: src/app/services/prefetch.service.ts:300:81 - error TS2345: Argument of type 'unknown' is not assignable to parameter of type 'Error | undefined'.

300       this.logService.error('PrefetchService', 'Failed to save usage patterns', error);
                                                                                    ~~~~~


Error: src/app/services/remote-config.service.ts:146:30 - error TS2345: Argument of type 'Record<FeatureFlagName, FeatureFlag>' is not assignable to 
parameter of type 'Record<string, boolean>'.
  Property 'ocr_scanner' is incompatible with index signature.
    Type 'FeatureFlag' is not assignable to type 'boolean'.

146       this._featureFlags.set(DEFAULT_FEATURE_FLAGS);
                                 ~~~~~~~~~~~~~~~~~~~~~


Error: src/app/services/remote-config.service.ts:350:26 - error TS2304: Cannot find name 'FeatureName'.

350   isFeatureEnabled(name: FeatureName): boolean {
                             ~~~~~~~~~~~



[[40mERROR[49m] An error occurred while running subprocess ng.
        
        ng.cmd run app:build exited with exit code 1.
        
        Re-running this command with the --verbose flag may provide more information.
